// Jest Snapshot v1, https://goo.gl/fbAQLP

exports[`DashboardPage component test suite should render DashboardPage correctly 1`] = `
<div>
  Dashboard page content
</div>
`;
